// Jest Snapshot v1, https://goo.gl/fbAQLP

exports[`My Connected React-Redux Component should render with given state from Redux store 1`] = `
Array [
  <h2
    className="sc-EHOje cyUrgm"
  >
    200
     results
  </h2>,
  <h2
    className="sc-EHOje cyUrgm"
  >
    /
    200
     completed
  </h2>,
  <ul
    className="sc-bZQynM hSufOU"
  />,
]
`;
